16:29:36.661 [main] INFO  org.testng.internal.Utils - [Utils] MethodGroupsHelper.sortMethods() took 0 ms.
16:29:36.668 [main] INFO  org.testng.internal.Utils - [Utils] MethodGroupsHelper.collectMethodsByGroup() took 0 ms.
16:29:36.668 [main] INFO  org.testng.internal.Utils - [Utils] MethodGroupsHelper.sortMethods() took 0 ms.
16:29:36.669 [main] INFO  org.testng.internal.Utils - [Utils] MethodGroupsHelper.collectMethodsByGroup() took 0 ms.
16:29:36.669 [main] INFO  org.testng.internal.Utils - [Utils] MethodGroupsHelper.sortMethods() took 0 ms.
16:29:36.675 [main] INFO  org.testng.internal.Utils - [Utils] MethodGroupsHelper.collectMethodsByGroup() took 4 ms.
16:29:36.684 [main] INFO  org.testng.internal.Utils - [Utils] MethodGroupsHelper.sortMethods() took 7 ms.
16:29:36.685 [main] INFO  org.testng.internal.Utils - [Utils] MethodGroupsHelper.collectMethodsByGroup() took 0 ms.
16:29:36.685 [main] INFO  org.testng.internal.Utils - [Utils] MethodGroupsHelper.sortMethods() took 0 ms.
16:29:36.686 [main] INFO  org.testng.internal.Utils - [Utils] MethodGroupsHelper.collectMethodsByGroup() took 0 ms.
16:29:36.686 [main] INFO  org.testng.internal.Utils - [Utils] MethodGroupsHelper.sortMethods() took 0 ms.
16:29:36.686 [main] INFO  org.testng.internal.Utils - [Utils] MethodGroupsHelper.collectMethodsByGroup() took 0 ms.
16:29:36.687 [main] INFO  org.testng.internal.Utils - [Utils] MethodGroupsHelper.sortMethods() took 0 ms.
16:29:36.689 [main] INFO  org.testng.internal.Utils - [Utils] MethodGroupsHelper.collectMethodsByGroup() took 0 ms.
16:29:36.689 [main] INFO  org.testng.internal.Utils - [Utils] MethodGroupsHelper.sortMethods() took 0 ms.
16:29:36.689 [main] INFO  org.testng.internal.Utils - [Utils] MethodGroupsHelper.collectMethodsByGroup() took 0 ms.
16:29:36.689 [main] INFO  org.testng.internal.Utils - [Utils] MethodGroupsHelper.sortMethods() took 0 ms.
16:29:36.693 [main] INFO  org.testng.internal.Utils - [Utils] MethodGroupsHelper.collectMethodsByGroup() took 0 ms.
16:29:36.693 [main] INFO  org.testng.internal.Utils - [Utils] MethodGroupsHelper.sortMethods() took 0 ms.
16:29:36.693 [main] INFO  org.testng.internal.Utils - [Utils] MethodGroupsHelper.collectMethodsByGroup() took 0 ms.
16:29:36.693 [main] INFO  org.testng.internal.Utils - [Utils] MethodGroupsHelper.sortMethods() took 0 ms.
16:29:36.695 [main] INFO  org.testng.internal.Utils - [Utils] MethodGroupsHelper.collectMethodsByGroup() took 1 ms.
16:29:36.695 [main] INFO  org.testng.internal.Utils - [Utils] MethodGroupsHelper.sortMethods() took 0 ms.
16:29:36.696 [main] INFO  org.testng.internal.Utils - [Utils] MethodGroupsHelper.collectMethodsByGroup() took 0 ms.
16:29:36.696 [main] INFO  org.testng.internal.Utils - [Utils] MethodGroupsHelper.sortMethods() took 0 ms.
16:29:36.696 [main] INFO  org.testng.internal.Utils - [Utils] MethodGroupsHelper.collectMethodsByGroup() took 0 ms.
16:29:36.697 [main] INFO  org.testng.internal.Utils - [Utils] MethodGroupsHelper.sortMethods() took 0 ms.
16:29:36.703 [main] INFO  org.testng.internal.Utils - [TestNG] Running:
  C:\Users\VENKATESH\AppData\Local\Temp\testng-eclipse-100649715\testng-customsuite.xml

16:29:36.724 [main] INFO  org.testng.internal.Utils - [Utils] DynamicGraphHelper.createDynamicGraph() took 5 ms.
16:29:36.918 [main] INFO  org.testng.internal.Utils - [TestNG] Time taken by org.testng.reporters.jq.Main@4212a0c8: 67 ms
16:29:36.930 [main] INFO  org.testng.internal.Utils - [TestNG] Time taken by org.testng.reporters.FailedReporter@4189d70b: 12 ms
16:29:36.940 [main] INFO  org.testng.internal.Utils - [TestNG] Time taken by org.testng.reporters.XMLReporter@7b8233cd: 9 ms
16:29:36.957 [main] INFO  org.testng.internal.Utils - [TestNG] Time taken by org.testng.reporters.EmailableReporter2@60641ec8: 17 ms
16:29:36.964 [main] INFO  org.testng.internal.Utils - [TestNG] Time taken by org.testng.reporters.JUnitReportReporter@7756c3cd: 7 ms
16:29:36.965 [main] INFO  org.testng.internal.Utils - [TestNG] Time taken by org.testng.internal.ExitCodeListener@2313052e: 0 ms
16:29:51.963 [main] DEBUG org.testng.TestNG - suiteXmlPath: "C:\Users\VENKATESH\Desktop\core java\OpenCart\master.xml"
16:29:52.182 [main] INFO  org.testng.internal.Utils - [TestNG] Running:
  C:\Users\VENKATESH\Desktop\core java\OpenCart\master.xml

16:29:55.795 [main] INFO  testCase.TC_002_Login - ** start program**
16:30:00.318 [main] INFO  testCase.TC_002_Login - ** start displeyed program**
16:30:00.318 [main] INFO  testCase.TC_002_Login - ** end program**
16:31:12.725 [main] DEBUG org.testng.TestNG - suiteXmlPath: "C:\Users\VENKATESH\Desktop\core java\OpenCart\master.xml"
16:31:12.982 [main] INFO  org.testng.internal.Utils - [TestNG] Running:
  C:\Users\VENKATESH\Desktop\core java\OpenCart\master.xml

16:31:16.587 [main] INFO  testCase.TC_002_Login - ** start program**
16:32:14.834 [main] DEBUG org.testng.TestNG - suiteXmlPath: "C:\Users\VENKATESH\Desktop\core java\OpenCart\master.xml"
16:32:15.051 [main] INFO  org.testng.internal.Utils - [TestNG] Running:
  C:\Users\VENKATESH\Desktop\core java\OpenCart\master.xml

